C:\Games\shopping-cart\src\com\shashi\srv\ShipmentServlet.java
C:\Games\shopping-cart\src\com\shashi\service\impl\UserServiceImpl.java
C:\Games\shopping-cart\src\com\shashi\beans\CartBean.java
C:\Games\shopping-cart\src\com\shashi\beans\DemandBean.java
C:\Games\shopping-cart\src\com\shashi\beans\ProductBean.java
C:\Games\shopping-cart\src\com\shashi\srv\RegisterSrv.java
C:\Games\shopping-cart\src\com\shashi\service\impl\ProductServiceImpl.java
C:\Games\shopping-cart\src\com\shashi\utility\DBUtil.java
C:\Games\shopping-cart\src\com\shashi\srv\AddProductSrv.java
C:\Games\shopping-cart\src\com\shashi\service\impl\TransServiceImpl.java
C:\Games\shopping-cart\src\com\shashi\service\TransService.java
C:\Games\shopping-cart\src\com\shashi\service\UserService.java
C:\Games\shopping-cart\src\com\shashi\srv\AddtoCart.java
C:\Games\shopping-cart\src\com\shashi\srv\LoginSrv.java
C:\Games\shopping-cart\src\com\shashi\service\DemandService.java
C:\Games\shopping-cart\src\com\shashi\service\impl\CartServiceImpl.java
C:\Games\shopping-cart\src\com\shashi\utility\JavaMailUtil.java
C:\Games\shopping-cart\src\com\shashi\utility\MailMessage.java
C:\Games\shopping-cart\src\com\shashi\beans\OrderBean.java
C:\Games\shopping-cart\src\com\shashi\utility\TestMail.java
C:\Games\shopping-cart\src\com\shashi\srv\UpdateProductSrv.java
C:\Games\shopping-cart\src\com\shashi\srv\OrderServlet.java
C:\Games\shopping-cart\src\com\shashi\service\ProductService.java
C:\Games\shopping-cart\src\com\shashi\service\OrderService.java
C:\Games\shopping-cart\src\com\shashi\constants\IUserConstants.java
C:\Games\shopping-cart\src\com\shashi\srv\LogoutSrv.java
C:\Games\shopping-cart\src\com\shashi\srv\UpdateToCart.java
C:\Games\shopping-cart\src\com\shashi\srv\FansMessage.java
C:\Games\shopping-cart\src\com\shashi\srv\RemoveProductSrv.java
C:\Games\shopping-cart\src\com\shashi\beans\TransactionBean.java
C:\Games\shopping-cart\src\com\shashi\beans\UserBean.java
C:\Games\shopping-cart\src\com\shashi\service\CartService.java
C:\Games\shopping-cart\src\com\shashi\service\impl\OrderServiceImpl.java
C:\Games\shopping-cart\src\com\shashi\utility\IDUtil.java
C:\Games\shopping-cart\src\com\shashi\service\impl\DemandServiceImpl.java
C:\Games\shopping-cart\src\com\shashi\beans\OrderDetails.java
C:\Games\shopping-cart\src\com\shashi\srv\ShowImage.java
